// Jest Snapshot v1, https://goo.gl/fbAQLP

exports[`Compatibility Plugin Issues Issue #1762 - __typename issues 1`] = `
"type DiscriminateUnion<T, U> = T extends U ? T : never;

export namespace GetMachineActiveEvents {
  export type Variables = GetMachineActiveEventsQueryVariables;
  export type Query = GetMachineActiveEventsQuery;
  export type Machine = GetMachineActiveEventsQuery['machine'];
  export type Unit = GetMachineActiveEventsQuery['machine']['unit'];
  export type Events = GetMachineActiveEventsQuery['machine']['unit']['events'][number];
  export type Details = GetMachineActiveEventsQuery['machine']['unit']['events'][number]['details'];
  export type CanErrorEventInlineFragment = (DiscriminateUnion<GetMachineActiveEventsQuery['machine']['unit']['events'][number]['details'], { __typename?: 'CanErrorEvent' }>);
  export type DamageReportEventInlineFragment = (DiscriminateUnion<GetMachineActiveEventsQuery['machine']['unit']['events'][number]['details'], { __typename?: 'DamageReportEvent' }>);
  export type PrecheckEventInlineFragment = (DiscriminateUnion<GetMachineActiveEventsQuery['machine']['unit']['events'][number]['details'], { __typename?: 'PrecheckEvent' }>);
  export type ServiceKmEventInlineFragment = (DiscriminateUnion<GetMachineActiveEventsQuery['machine']['unit']['events'][number]['details'], { __typename?: 'ServiceKmEvent' }>);
  export type ServiceHourEventInlineFragment = (DiscriminateUnion<GetMachineActiveEventsQuery['machine']['unit']['events'][number]['details'], { __typename?: 'ServiceHourEvent' }>);
  export type ServiceCalendarEventInlineFragment = (DiscriminateUnion<GetMachineActiveEventsQuery['machine']['unit']['events'][number]['details'], { __typename?: 'ServiceCalendarEvent' }>);
}
"
`;

exports[`Compatibility Plugin Issues Issue #1775 - Inline fragments 1`] = `
"type DiscriminateUnion<T, U> = T extends U ? T : never;

export namespace FetchServerAnalyticsData {
  export type Variables = FetchServerAnalyticsDataQueryVariables;
  export type Query = FetchServerAnalyticsDataQuery;
  export type Process = FetchServerAnalyticsDataQuery['process'];
  export type Servers = FetchServerAnalyticsDataQuery['process']['servers'][number];
  export type GetHostVirtualMachines = FetchServerAnalyticsDataQuery['process']['servers'][number]['getHostVirtualMachines'][number];
  export type Imacs = FetchServerAnalyticsDataQuery['process']['servers'][number]['imacs'][number];
  export type ServerChangeImacInlineFragment = (DiscriminateUnion<FetchServerAnalyticsDataQuery['process']['servers'][number]['imacs'][number], { __typename?: 'ServerChangeImac' }>);
  export type ServerDecomImacInlineFragment = (DiscriminateUnion<FetchServerAnalyticsDataQuery['process']['servers'][number]['imacs'][number], { __typename?: 'ServerDecomImac' }>);
  export type ServerSetupImacInlineFragment = (DiscriminateUnion<FetchServerAnalyticsDataQuery['process']['servers'][number]['imacs'][number], { __typename?: 'ServerSetupImac' }>);
  export type ServerSize = (DiscriminateUnion<FetchServerAnalyticsDataQuery['process']['servers'][number]['imacs'][number], { __typename?: 'ServerSetupImac' }>)['serverSize'];
  export type Sla = (DiscriminateUnion<FetchServerAnalyticsDataQuery['process']['servers'][number]['imacs'][number], { __typename?: 'ServerSetupImac' }>)['sla'];
}
"
`;

exports[`Compatibility Plugin Issues Issue #1943 - Missing DiscriminateUnion on interface types with strict mode 1`] = `
"type DiscriminateUnion<T, U> = T extends U ? T : never;

export type GetBooksVariables = GetBooksQueryVariables;
export type GetBooksSchoolBooks = NonNullable<(NonNullable<GetBooksQuery['schoolBooks']>)[number]>;
export type GetBooksTextBookInlineFragment = (DiscriminateUnion<NonNullable<(NonNullable<GetBooksQuery['schoolBooks']>)[number]>, { __typename?: 'TextBook' }>);
export type GetBooksColoringBookInlineFragment = (DiscriminateUnion<NonNullable<(NonNullable<GetBooksQuery['schoolBooks']>)[number]>, { __typename?: 'ColoringBook' }>);"
`;

exports[`Compatibility Plugin React Apollo Issue #1876 - should produce valid ts code with react-apollo 1`] = `
"export type MeVariables = MeQueryVariables;
export type MeMe = (NonNullable<MeQuery['me']>);
export type MeFriends = NonNullable<(NonNullable<(NonNullable<MeQuery['me']>)['friends']>)[number]>;
export type Me_Friends = NonNullable<(NonNullable<NonNullable<(NonNullable<(NonNullable<MeQuery['me']>)['friends']>)[number]>['friends']>)[number]>;
export type Me__Friends = NonNullable<(NonNullable<NonNullable<(NonNullable<NonNullable<(NonNullable<(NonNullable<MeQuery['me']>)['friends']>)[number]>['friends']>)[number]>['friends']>)[number]>;
export const useMe = useMeQuery;
export type AliasTestVariables = AliasTestQueryVariables;
export type AliasTestCurrentUser = (NonNullable<AliasTestQuery['currentUser']>);
export const useAliasTest = useAliasTestQuery;
export type Me2Variables = Me2QueryVariables;
export type Me2Me = (NonNullable<Me2Query['me']>);
export const useMe2 = useMe2Query;
export type Me3Variables = Me3QueryVariables;
export type Me3Me = (NonNullable<Me3Query['me']>);
export type Me3UserInlineFragment = ({ __typename: 'User' } & Pick<(NonNullable<Me3Query['me']>), 'id' | 'name' | 'friends'>);
export type Me3Friends = NonNullable<(NonNullable<({ __typename: 'User' } & Pick<(NonNullable<Me3Query['me']>), 'id' | 'name' | 'friends'>)['friends']>)[number]>;
export const useMe3 = useMe3Query;
export type Me4Variables = Me4QueryVariables;
export type Me4Me = (NonNullable<Me4Query['me']>);
export type Me4UserInlineFragment = ({ __typename: 'User' } & Pick<(NonNullable<Me4Query['me']>), 'name' | 'friends'>);
export type Me4Friends = NonNullable<(NonNullable<({ __typename: 'User' } & Pick<(NonNullable<Me4Query['me']>), 'name' | 'friends'>)['friends']>)[number]>;
export type Me4_UserInlineFragment = ({ __typename: 'User' } & Pick<NonNullable<(NonNullable<({ __typename: 'User' } & Pick<(NonNullable<Me4Query['me']>), 'name' | 'friends'>)['friends']>)[number]>, 'id' | 'name'>);
export const useMe4 = useMe4Query;
export type MoreUserFieldsFriends = NonNullable<(NonNullable<MoreUserFieldsFragment['friends']>)[number]>;
export type MoreUserFields_Friends = NonNullable<(NonNullable<NonNullable<(NonNullable<MoreUserFieldsFragment['friends']>)[number]>['friends']>)[number]>;
export type Me5Variables = Me5QueryVariables;
export type Me5User = (NonNullable<Me5Query['user']>);
export type Me5TestField = NonNullable<(NonNullable<(NonNullable<Me5Query['user']>)['testField']>)[number]>;
export type Me5Friends = NonNullable<(NonNullable<(NonNullable<Me5Query['user']>)['friends']>)[number]>;
export const useMe5 = useMe5Query;"
`;

exports[`Compatibility Plugin Should generate mapping to 1.0 types according to fields usage and selection set when array is in use and have duplicate names 1`] = `
"export namespace Me {
  export type Variables = MeQueryVariables;
  export type Query = MeQuery;
  export type Me = MeQuery['me'];
  export type Friends = MeQuery['me']['friends'][number];
  export type _Friends = MeQuery['me']['friends'][number]['friends'][number];
  export type __Friends = MeQuery['me']['friends'][number]['friends'][number]['friends'][number];
}

export namespace AliasTest {
  export type Variables = AliasTestQueryVariables;
  export type Query = AliasTestQuery;
  export type CurrentUser = AliasTestQuery['currentUser'];
}

export namespace Me2 {
  export type Variables = Me2QueryVariables;
  export type Query = Me2Query;
  export type Me = Me2Query['me'];
}

export namespace UserFields {
  export type Fragment = UserFieldsFragment;
}

export namespace Me3 {
  export type Variables = Me3QueryVariables;
  export type Query = Me3Query;
  export type Me = Me3Query['me'];
  export type UserInlineFragment = ({ __typename: 'User' } & Pick<Me3Query['me'], 'id' | 'name' | 'friends'>);
  export type Friends = ({ __typename: 'User' } & Pick<Me3Query['me'], 'id' | 'name' | 'friends'>)['friends'][number];
}

export namespace Me4 {
  export type Variables = Me4QueryVariables;
  export type Query = Me4Query;
  export type Me = Me4Query['me'];
  export type UserInlineFragment = ({ __typename: 'User' } & Pick<Me4Query['me'], 'name' | 'friends'>);
  export type Friends = ({ __typename: 'User' } & Pick<Me4Query['me'], 'name' | 'friends'>)['friends'][number];
  export type _UserInlineFragment = ({ __typename: 'User' } & Pick<({ __typename: 'User' } & Pick<Me4Query['me'], 'name' | 'friends'>)['friends'][number], 'id' | 'name'>);
}

export namespace MoreUserFields {
  export type Fragment = MoreUserFieldsFragment;
  export type Friends = MoreUserFieldsFragment['friends'][number];
  export type _Friends = MoreUserFieldsFragment['friends'][number]['friends'][number];
}

export namespace Me5 {
  export type Variables = Me5QueryVariables;
  export type Query = Me5Query;
  export type User = Me5Query['user'];
  export type TestField = Me5Query['user']['testField'][number];
  export type Friends = Me5Query['user']['friends'][number];
}
"
`;

exports[`Compatibility Plugin Should work with custom Query root type 1`] = `
"export namespace Me {
  export type Variables = MeQueryVariables;
  export type Query = MeQuery;
  export type Me = MeQuery['me'];
  export type Friends = MeQuery['me']['friends'][number];
  export type _Friends = MeQuery['me']['friends'][number]['friends'][number];
  export type __Friends = MeQuery['me']['friends'][number]['friends'][number]['friends'][number];
}

export namespace AliasTest {
  export type Variables = AliasTestQueryVariables;
  export type Query = AliasTestQuery;
  export type CurrentUser = AliasTestQuery['currentUser'];
}

export namespace Me2 {
  export type Variables = Me2QueryVariables;
  export type Query = Me2Query;
  export type Me = Me2Query['me'];
}

export namespace UserFields {
  export type Fragment = UserFieldsFragment;
}

export namespace Me3 {
  export type Variables = Me3QueryVariables;
  export type Query = Me3Query;
  export type Me = Me3Query['me'];
  export type UserInlineFragment = ({ __typename: 'User' } & Pick<Me3Query['me'], 'id' | 'name' | 'friends'>);
  export type Friends = ({ __typename: 'User' } & Pick<Me3Query['me'], 'id' | 'name' | 'friends'>)['friends'][number];
}

export namespace Me4 {
  export type Variables = Me4QueryVariables;
  export type Query = Me4Query;
  export type Me = Me4Query['me'];
  export type UserInlineFragment = ({ __typename: 'User' } & Pick<Me4Query['me'], 'name' | 'friends'>);
  export type Friends = ({ __typename: 'User' } & Pick<Me4Query['me'], 'name' | 'friends'>)['friends'][number];
  export type _UserInlineFragment = ({ __typename: 'User' } & Pick<({ __typename: 'User' } & Pick<Me4Query['me'], 'name' | 'friends'>)['friends'][number], 'id' | 'name'>);
}

export namespace MoreUserFields {
  export type Fragment = MoreUserFieldsFragment;
  export type Friends = MoreUserFieldsFragment['friends'][number];
  export type _Friends = MoreUserFieldsFragment['friends'][number]['friends'][number];
}

export namespace Me5 {
  export type Variables = Me5QueryVariables;
  export type Query = Me5Query;
  export type User = Me5Query['user'];
  export type TestField = Me5Query['user']['testField'][number];
  export type Friends = Me5Query['user']['friends'][number];
}
"
`;

exports[`Compatibility Plugin Should work with interfaces and inline fragments 1`] = `
"type DiscriminateUnion<T, U> = T extends U ? T : never;

export namespace Something {
  export type Variables = SomethingQueryVariables;
  export type Query = SomethingQuery;
  export type Node = SomethingQuery['node'];
  export type AInlineFragment = (DiscriminateUnion<SomethingQuery['node'], { __typename?: 'A' }>);
  export type BInlineFragment = (DiscriminateUnion<SomethingQuery['node'], { __typename?: 'B' }>);
}
"
`;
